// Jest Snapshot v1, https://goo.gl/fbAQLP

exports[`<Button /> should render 1`] = `
<DocumentFragment>
  <button
    class="jsx-3131124250 "
  >
    Practice
  </button>
</DocumentFragment>
`;
