// Jest Snapshot v1, https://goo.gl/fbAQLP

exports[`<Modal /> should render 1`] = `
<DocumentFragment>
  <div
    class="jsx-1277463556 modal"
  >
    <div
      class="jsx-1277463556 modal__inner"
    >
      <button
        class="jsx-1277463556 modal-close"
      >
        <svg
          color="#e0ff4f"
          fill="currentColor"
          font-size="2rem"
          height="1em"
          stroke="currentColor"
          stroke-width="0"
          style="color: rgb(224, 255, 79);"
          viewBox="0 0 16 16"
          width="1em"
          xmlns="http://www.w3.org/2000/svg"
        >
          <path
            clip-rule="evenodd"
            d="M7.116 8l-4.558 4.558.884.884L8 8.884l4.558 4.558.884-.884L8.884 8l4.558-4.558-.884-.884L8 7.116 3.442 2.558l-.884.884L7.116 8z"
            fill-rule="evenodd"
          />
        </svg>
      </button>
      <h1>
        Test
      </h1>
    </div>
  </div>
</DocumentFragment>
`;
