// Jest Snapshot v1, https://goo.gl/fbAQLP

exports[`renders 1`] = `
<body>
  <div>
    <div
      class="jsx-2601754185 container"
    >
      <main
        class="jsx-2601754185"
      >
        <button
          class="jsx-2601754185"
        >
          <svg
            color="#e0ff4f"
            fill="currentColor"
            font-size="2rem"
            height="1em"
            stroke="currentColor"
            stroke-width="0"
            style="color: rgb(224, 255, 79);"
            viewBox="0 0 16 16"
            width="1em"
            xmlns="http://www.w3.org/2000/svg"
          >
            <path
              d="M9.1 4.4L8.6 2H7.4l-.5 2.4-.7.3-2-1.3-.9.8 1.3 2-.2.7-2.4.5v1.2l2.4.5.3.8-1.3 2 .8.8 2-1.3.8.3.4 2.3h1.2l.5-2.4.8-.3 2 1.3.8-.8-1.3-2 .3-.8 2.3-.4V7.4l-2.4-.5-.3-.8 1.3-2-.8-.8-2 1.3-.7-.2zM9.4 1l.5 2.4L12 2.1l2 2-1.4 2.1 2.4.4v2.8l-2.4.5L14 12l-2 2-2.1-1.4-.5 2.4H6.6l-.5-2.4L4 13.9l-2-2 1.4-2.1L1 9.4V6.6l2.4-.5L2.1 4l2-2 2.1 1.4.4-2.4h2.8zm.6 7c0 1.1-.9 2-2 2s-2-.9-2-2 .9-2 2-2 2 .9 2 2zM8 9c.6 0 1-.4 1-1s-.4-1-1-1-1 .4-1 1 .4 1 1 1z"
            />
          </svg>
        </button>
        <div
          class="jsx-2601754185 content"
        >
          <div
            class="jsx-964221634 title-bar"
            data-testid="title-bar"
          >
            <h1
              class="jsx-964221634"
            >
              verbdrills
            </h1>
            <h2
              class="jsx-964221634"
            >
              Master verb conjugation
            </h2>
          </div>
          <form
            class="jsx-595701558 configuration-form"
          >
            <div
              class="jsx-595701558 configuration-form__field"
            >
              <label
                class="jsx-595701558"
              >
                Select a language
              </label>
              <select
                class="jsx-2574848865 select"
                name="language"
              >
                <option
                  class="jsx-2574848865"
                  value="Select a language"
                >
                  Select a language
                </option>
                <option
                  class="jsx-2574848865"
                  value="Spanish"
                >
                  Spanish
                </option>
                <option
                  class="jsx-2574848865"
                  value="German"
                >
                  German
                </option>
                <option
                  class="jsx-2574848865"
                  value="French"
                >
                  French
                </option>
              </select>
            </div>
            <div
              class="jsx-595701558 configuration-form__field"
            >
              <label
                class="jsx-595701558"
              >
                Select a verb set
              </label>
              <select
                class="jsx-2574848865 select"
                name="verbset"
              >
                <option
                  class="jsx-2574848865"
                  value="Select verbset"
                >
                  Select verbset
                </option>
                <option
                  class="jsx-2574848865"
                  value="regular"
                >
                  regular
                </option>
                <option
                  class="jsx-2574848865"
                  value="irregular"
                >
                  irregular
                </option>
                <option
                  class="jsx-2574848865"
                  value="all"
                >
                  all
                </option>
              </select>
            </div>
            <div
              class="jsx-595701558 configuration-form__field"
            >
              <label
                class="jsx-595701558"
              >
                Select a tense
              </label>
              <select
                class="jsx-2574848865 select"
                name="tense"
              >
                <option
                  class="jsx-2574848865"
                  value="Select tense"
                >
                  Select tense
                </option>
                <option
                  class="jsx-2574848865"
                  value="present"
                >
                  present
                </option>
                <option
                  class="jsx-2574848865"
                  value="preterite"
                >
                  preterite
                </option>
                <option
                  class="jsx-2574848865"
                  value="imperfect"
                >
                  imperfect
                </option>
                <option
                  class="jsx-2574848865"
                  value="future"
                >
                  future
                </option>
                <option
                  class="jsx-2574848865"
                  value="conditional"
                >
                  conditional
                </option>
              </select>
            </div>
            <div
              class="jsx-595701558 configuration-form__field"
            >
              <button
                class="jsx-767425152 btn btn--primary"
                disabled=""
                type="button"
              >
                Train
              </button>
            </div>
          </form>
        </div>
      </main>
    </div>
  </div>
</body>
`;
