// Jest Snapshot v1, https://goo.gl/fbAQLP

exports[`renders 1`] = `
<DocumentFragment>
  <div
    class="jsx-1952444615 container"
  >
    <main
      class="jsx-1952444615"
    >
      <h1
        class="jsx-1952444615"
        data-testid="title"
      >
        Hello World
      </h1>
    </main>
  </div>
</DocumentFragment>
`;
