// Jest Snapshot v1, https://goo.gl/fbAQLP

exports[`<TitleBar> should render 1`] = `
<DocumentFragment>
  <div
    class="title-bar"
    data-testid="title-bar"
  >
    <h1>
      verbdrills
    </h1>
  </div>
</DocumentFragment>
`;
