// Jest Snapshot v1, https://goo.gl/fbAQLP

exports[`<Results /> should render 1`] = `
<DocumentFragment>
  <h1>
    You scored:
  </h1>
  <h2>
    5
  </h2>
  <button
    class="jsx-347471370 btn btn--primary"
  >
    Train
  </button>
  <div>
    <h3>
      Stats
    </h3>
    <h4>
      Total: 10
    </h4>
    <h4>
      Correct: 5
    </h4>
    <h4>
      Incorrect: 5
    </h4>
    <h4>
      Percentage: 50
    </h4>
  </div>
</DocumentFragment>
`;
