// Jest Snapshot v1, https://goo.gl/fbAQLP

exports[`<GamePlay /> should render 1`] = `
<DocumentFragment>
  <div
    class="jsx-2177346083 game-play"
  >
    <div>
      <h3>
        0:6
      </h3>
    </div>
    <div
      class="jsx-2177346083"
    >
      <h2
        class="jsx-2177346083"
      >
        0
      </h2>
    </div>
    <div
      class="jsx-2177346083 card__child card__verb-display"
    >
      <h2
        class="jsx-2177346083 infinitive"
      >
        hablar
      </h2>
      <h2
        class="jsx-2177346083 person"
      >
        yo
      </h2>
      <h3
        class="jsx-2177346083 translation"
      >
        to speak
      </h3>
    </div>
    <div
      class="jsx-2177346083 card__child card__input"
    >
      <input
        class="jsx-828487101 "
        value=""
      />
      <button
        class="jsx-347471370 btn btn--primary"
      >
        Guess
      </button>
    </div>
  </div>
</DocumentFragment>
`;
