// Jest Snapshot v1, https://goo.gl/fbAQLP

exports[`<Timer /> should render 1`] = `
<body>
  <div>
    <div
      class="jsx-1645246723"
    >
      <h3
        class="jsx-1645246723"
      >
        1:00
      </h3>
    </div>
  </div>
</body>
`;
