// Jest Snapshot v1, https://goo.gl/fbAQLP

exports[`<ConfigurationForm /> should render 1`] = `[Function]`;
