// Jest Snapshot v1, https://goo.gl/fbAQLP

exports[`<Settings /> should render 1`] = `
<DocumentFragment>
  <h1
    class="jsx-2491170599"
  >
    Settings
  </h1>
  <div
    class="jsx-2491170599 timer-setting"
  >
    <h3
      class="jsx-2491170599"
    >
      Timer
    </h3>
    <button
      class="jsx-2491170599"
      data-testid="button-increment"
    >
      <svg
        color="#e0ff4f"
        fill="currentColor"
        font-size="2rem"
        height="1em"
        stroke="currentColor"
        stroke-width="0"
        style="color: rgb(224, 255, 79);"
        viewBox="0 0 448 512"
        width="1em"
        xmlns="http://www.w3.org/2000/svg"
      >
        <path
          d="M240.971 130.524l194.343 194.343c9.373 9.373 9.373 24.569 0 33.941l-22.667 22.667c-9.357 9.357-24.522 9.375-33.901.04L224 227.495 69.255 381.516c-9.379 9.335-24.544 9.317-33.901-.04l-22.667-22.667c-9.373-9.373-9.373-24.569 0-33.941L207.03 130.525c9.372-9.373 24.568-9.373 33.941-.001z"
        />
      </svg>
    </button>
    <p
      class="jsx-2491170599"
      data-testid="time"
    >
      1 minute
    </p>
    <button
      class="jsx-2491170599"
      data-testid="button-decrement"
      disabled=""
    >
      <svg
        color="#e0ff4f"
        fill="currentColor"
        font-size="2rem"
        height="1em"
        stroke="currentColor"
        stroke-width="0"
        style="color: rgb(224, 255, 79);"
        viewBox="0 0 448 512"
        width="1em"
        xmlns="http://www.w3.org/2000/svg"
      >
        <path
          d="M207.029 381.476L12.686 187.132c-9.373-9.373-9.373-24.569 0-33.941l22.667-22.667c9.357-9.357 24.522-9.375 33.901-.04L224 284.505l154.745-154.021c9.379-9.335 24.544-9.317 33.901.04l22.667 22.667c9.373 9.373 9.373 24.569 0 33.941L240.971 381.476c-9.373 9.372-24.569 9.372-33.942 0z"
        />
      </svg>
    </button>
  </div>
  <button
    class="jsx-767425152 btn btn--primary"
  >
    Save
  </button>
</DocumentFragment>
`;
